#
# There is insufficient memory for the Java Runtime Environment to continue.
# Native memory allocation (malloc) failed to allocate 21732824 bytes. Error detail: Chunk::new
# Possible reasons:
#   The system is out of physical RAM or swap space
#   This process is running with CompressedOops enabled, and the Java Heap may be blocking the growth of the native heap
# Possible solutions:
#   Reduce memory load on the system
#   Increase physical memory or swap space
#   Check if swap backing store is full
#   Decrease Java heap size (-Xmx/-Xms)
#   Decrease number of Java threads
#   Decrease Java thread stack sizes (-Xss)
#   Set larger code cache with -XX:ReservedCodeCacheSize=
#   JVM is running with Zero Based Compressed Oops mode in which the Java heap is
#     placed in the first 32GB address space. The Java Heap base address is the
#     maximum limit for the native heap growth. Please use -XX:HeapBaseMinAddress
#     to set the Java Heap base and to place the Java Heap above 32GB virtual address.
# This output file may be truncated or incomplete.
#
#  Out of Memory Error (arena.cpp:193), pid=10188, tid=12960
#
# JRE version: OpenJDK Runtime Environment Temurin-26.0.2+10 (26.0.2+10) (build 26.0.2+10)
# Java VM: OpenJDK 64-Bit Server VM Temurin-26.0.2+10 (26.0.2+10, mixed mode, sharing, tiered, compressed oops, compressed class ptrs, g1 gc, windows-amd64)
# No core dump will be written. Minidumps are not enabled by default on client versions of Windows
#

---------------  S U M M A R Y ------------

Command Line: -Dfile.encoding=UTF-8 --module-path=C:\Users\2DAM\Documents\NetBeansProjects\Proyecto01_InigoHugo\build\classes app.Main

Host: Intel(R) Core(TM) i5-7400 CPU @ 3.00GHz, 4 cores, 15G,  Windows 11 , 64 bit Build 26100 (10.0.26100.9444)
Time: Fri Sep 25 20:05:57 2026 Hora de verano romance elapsed time: 4.915251 seconds (0d 0h 0m 4s)

---------------  T H R E A D  ---------------

Current thread (0x00000230f959fa00):  JavaThread "C2 CompilerThread1" daemon [_thread_in_native, id=12960, stack(0x000000a1ff600000,0x000000a1ff700000) (1024K)]


Current CompileTask:
C2:4915 1295       4       sun.security.ec.ECOperations::setDouble (463 bytes)

Stack: [0x000000a1ff600000,0x000000a1ff700000]
Native frames: (J=compiled Java code, j=interpreted, Vv=VM code, C=native code)
V  [jvm.dll+0x7dcd79]  (no source info available)
V  [jvm.dll+0x7a98ad]  (no source info available)
V  [jvm.dll+0xa461e0]  (no source info available)
V  [jvm.dll+0xa48631]  (no source info available)
V  [jvm.dll+0xa48d43]  (no source info available)
V  [jvm.dll+0x312fe6]  (no source info available)
V  [jvm.dll+0x120836]  (no source info available)
V  [jvm.dll+0x120b5e]  (no source info available)
V  [jvm.dll+0x1b2d56]  (no source info available)
V  [jvm.dll+0x3d0232]  (no source info available)
V  [jvm.dll+0x7e594f]  (no source info available)
V  [jvm.dll+0x2d5897]  (no source info available)
V  [jvm.dll+0x2d480f]  (no source info available)
V  [jvm.dll+0x249b90]  (no source info available)
V  [jvm.dll+0x2e493c]  (no source info available)
V  [jvm.dll+0x2e2b1d]  (no source info available)
V  [jvm.dll+0x4a9d0e]  (no source info available)
V  [jvm.dll+0x9e4749]  (no source info available)
V  [jvm.dll+0x7de858]  (no source info available)
C  [ucrtbase.dll+0x2cd30]  (no source info available)
C  [KERNEL32.DLL+0x2cd87]  (no source info available)
C  [ntdll.dll+0xacaec]  (no source info available)

Lock stack of current Java thread (top to bottom):


---------------  P R O C E S S  ---------------

Threads class SMR info:
_java_thread_list=0x00000230f94abfe0, length=13, elements={
0x00000230d239dbe0, 0x00000230d481dd60, 0x00000230f4270ad0, 0x00000230f4275210,
0x00000230f4275ef0, 0x00000230f4278be0, 0x00000230f427c090, 0x00000230f427d380,
0x00000230f42ba5b0, 0x00000230f434e020, 0x00000230f4421c10, 0x00000230f92623d0,
0x00000230f959fa00
}

Java Threads: ( => current thread )
  0x00000230d239dbe0 JavaThread "main"                              [_thread_in_vm, id=2384, stack(0x000000a1fe100000,0x000000a1fe200000) (1024K)]
  0x00000230d481dd60 JavaThread "Reference Handler"          daemon [_thread_blocked, id=6452, stack(0x000000a1fea00000,0x000000a1feb00000) (1024K)]
  0x00000230f4270ad0 JavaThread "Finalizer"                  daemon [_thread_blocked, id=7400, stack(0x000000a1feb00000,0x000000a1fec00000) (1024K)]
  0x00000230f4275210 JavaThread "Signal Dispatcher"          daemon [_thread_blocked, id=9132, stack(0x000000a1fec00000,0x000000a1fed00000) (1024K)]
  0x00000230f4275ef0 JavaThread "Attach Listener"            daemon [_thread_blocked, id=16092, stack(0x000000a1fed00000,0x000000a1fee00000) (1024K)]
  0x00000230f4278be0 JavaThread "Service Thread"             daemon [_thread_blocked, id=17924, stack(0x000000a1fee00000,0x000000a1fef00000) (1024K)]
  0x00000230f427c090 JavaThread "Monitor Deflation Thread"   daemon [_thread_blocked, id=15368, stack(0x000000a1fef00000,0x000000a1ff000000) (1024K)]
  0x00000230f427d380 JavaThread "C2 CompilerThread0"         daemon [_thread_in_native, id=7908, stack(0x000000a1ff000000,0x000000a1ff100000) (1024K)]
  0x00000230f42ba5b0 JavaThread "C1 CompilerThread0"         daemon [_thread_in_native, id=10236, stack(0x000000a1ff100000,0x000000a1ff200000) (1024K)]
  0x00000230f434e020 JavaThread "Common-Cleaner"             daemon [_thread_blocked, id=15412, stack(0x000000a1ff200000,0x000000a1ff300000) (1024K)]
  0x00000230f4421c10 JavaThread "Notification Thread"        daemon [_thread_blocked, id=19096, stack(0x000000a1ff300000,0x000000a1ff400000) (1024K)]
  0x00000230f92623d0 JavaThread "mysql-cj-abandoned-connection-cleanup" daemon [_thread_blocked, id=12628, stack(0x000000a1ff400000,0x000000a1ff500000) (1024K)]
=>0x00000230f959fa00 JavaThread "C2 CompilerThread1"         daemon [_thread_in_native, id=12960, stack(0x000000a1ff600000,0x000000a1ff700000) (1024K)]
Total: 13

Other Threads:
  0x00000230d48101f0 VMThread "VM Thread"                           [id=12752, stack(0x000000a1fe900000,0x000000a1fea00000) (1024K)]
  0x00000230d47fc920 WatcherThread "VM Periodic Task Thread"        [id=19172, stack(0x000000a1fe800000,0x000000a1fe900000) (1024K)]
  0x00000230d47a7bd0 WorkerThread "GC Thread#0"                     [id=15572, stack(0x000000a1fe200000,0x000000a1fe300000) (1024K)]
  0x00000230f937bf80 WorkerThread "GC Thread#1"                     [id=18116, stack(0x000000a1ff500000,0x000000a1ff600000) (1024K)]
  0x00000230f9508d80 WorkerThread "GC Thread#2"                     [id=7944, stack(0x000000a1ff700000,0x000000a1ff800000) (1024K)]
  0x00000230d47c18a0 ConcurrentGCThread "G1 Main Marker"            [id=8604, stack(0x000000a1fe300000,0x000000a1fe400000) (1024K)]
  0x00000230d47c2bc0 WorkerThread "G1 Conc#0"                       [id=16520, stack(0x000000a1fe400000,0x000000a1fe500000) (1024K)]
  0x00000230d47e73a0 WorkerThread "G1 Refinement Workers#0"         [id=12924, stack(0x000000a1fe600000,0x000000a1fe700000) (1024K)]
  0x00000230d47e47d0 ConcurrentGCThread "G1 Refine Control"         [id=14456, stack(0x000000a1fe500000,0x000000a1fe600000) (1024K)]
  0x00000230d47efb20 ConcurrentGCThread "G1 Service"                [id=17828, stack(0x000000a1fe700000,0x000000a1fe800000) (1024K)]
Total: 10

Threads with active compile tasks:
C2 CompilerThread0  5043 1520       4       java.util.regex.Pattern$BmpCharPropertyGreedy::match (89 bytes)
C1 CompilerThread0  5043 1532       3       sun.util.locale.BaseLocale::hashCode (169 bytes)
C2 CompilerThread1  5043 1295       4       sun.security.ec.ECOperations::setDouble (463 bytes)
Total: 3

VM state: not at safepoint (normal execution)

VM Mutex/Monitor currently owned by a thread:  ([mutex/lock_event])
[0x00007ff9bd5a0508] MethodCompileQueue_lock - owner thread: 0x0000000000000000

Heap address: 0x0000000701e00000, size: 4066 MB, Compressed Oops mode: Zero based, Oop shift amount: 3

CDS archive(s) mapped at: [0x0000000097000000-0x0000000097de0000-0x0000000097de0000), size 14548992, SharedBaseAddress: 0x0000000097000000, ArchiveRelocationMode: 1.
Compressed class space mapped at: 0x0000000098000000-0x00000000d8000000, reserved size: 1073741824
UseCompressedClassPointers 1, UseCompactObjectHeaders 0
Narrow klass pointer bits 32, Max shift 3
Narrow klass base: 0x0000000097000000, Narrow klass shift: 0
Encoding Range: [0x0000000097000000 - 0x0000000197000000), (4294967296 bytes)
Klass Range:    [0x0000000097000000 - 0x00000000d8000000), (1090519040 bytes)
Klass ID Range:  [8 - 1090519033) (1090519025)
Protection zone: [0x0000000097000000 - 0x0000000097010000), (65536 bytes)

GC Precious Log:
 CardTable entry size: 512
 Card Set container configuration: InlinePtr #cards 4 size 8 Array Of Cards #cards 16 size 48 Howl #buckets 8 coarsen threshold 3686 Howl Bitmap #cards 512 size 80 coarsen threshold 460 Card regions per heap region 1 cards per card region 4096
 CPUs: 4 total, 4 available
 Memory: 16263M
 Large Page Support: Disabled
 NUMA Support: Disabled
 Compressed Oops: Enabled (Zero based)
 Heap Region Size: 2M
 Heap Min Capacity: 8M
 Heap Initial Capacity: 8M
 Heap Max Capacity: 4066M
 Pre-touch: Disabled
 Parallel Workers: 4
 Concurrent Workers: 1
 Concurrent Refinement Workers: 4
 Periodic GC: Disabled

Heap:
 garbage-first heap   total reserved 4163584K, committed 28672K, used 11169K [0x0000000701e00000, 0x0000000800000000)
  region size 2M, 5 eden (10M), 1 survivor (2M), 2 old (4M), 0 humongous (0M), 6 free (12M)

Heap Regions: E=young(eden), S=young(survivor), O=old, HS=humongous(starts), HC=humongous(continues), CS=collection set, F=free, TAMS=top-at-mark-start, PB=parsable bottom
|    0|0x0000000701e00000, 0x0000000701ef6c70, 0x0000000702000000| 48%| O|  |TAMS 0x0000000701e00000| PB 0x0000000701e00000| Untracked |  0
|    1|0x0000000702000000, 0x00000007020c9f30, 0x0000000702200000| 39%| S|CS|TAMS 0x0000000702000000| PB 0x0000000702000000| Complete  |  0
|    2|0x0000000702200000, 0x0000000702200000, 0x0000000702400000|  0%| F|  |TAMS 0x0000000702200000| PB 0x0000000702200000| Untracked |  0
|    3|0x0000000702400000, 0x0000000702400000, 0x0000000702600000|  0%| F|  |TAMS 0x0000000702400000| PB 0x0000000702400000| Untracked |  0
|    4|0x0000000702600000, 0x0000000702600000, 0x0000000702800000|  0%| F|  |TAMS 0x0000000702600000| PB 0x0000000702600000| Untracked |  0
|    5|0x0000000702800000, 0x0000000702800000, 0x0000000702a00000|  0%| F|  |TAMS 0x0000000702800000| PB 0x0000000702800000| Untracked |  0
|    6|0x0000000702a00000, 0x0000000702a00000, 0x0000000702c00000|  0%| F|  |TAMS 0x0000000702a00000| PB 0x0000000702a00000| Untracked |  0
|    7|0x0000000702c00000, 0x0000000702c00000, 0x0000000702e00000|  0%| F|  |TAMS 0x0000000702c00000| PB 0x0000000702c00000| Untracked |  0
|    8|0x0000000702e00000, 0x0000000702f90418, 0x0000000703000000| 78%| E|CS|TAMS 0x0000000702e00000| PB 0x0000000702e00000| Complete  |  0
|    9|0x0000000703000000, 0x0000000703200000, 0x0000000703200000|100%| E|CS|TAMS 0x0000000703000000| PB 0x0000000703000000| Complete  |  0
|   10|0x0000000703200000, 0x0000000703400000, 0x0000000703400000|100%| E|CS|TAMS 0x0000000703200000| PB 0x0000000703200000| Complete  |  0
|   11|0x0000000703400000, 0x0000000703600000, 0x0000000703600000|100%| E|CS|TAMS 0x0000000703400000| PB 0x0000000703400000| Complete  |  0
|   12|0x0000000703600000, 0x0000000703800000, 0x0000000703800000|100%| E|CS|TAMS 0x0000000703600000| PB 0x0000000703600000| Complete  |  0
| 2032|0x00000007ffe00000, 0x00000007fff27c00, 0x0000000800000000| 57%| O|  |TAMS 0x00000007ffe00000| PB 0x00000007ffe00000| Untracked |  0

Card table byte_map: [0x00000230ed690000,0x00000230ede90000] _byte_map_base: 0x00000230e9e81000
Refinement table byte_map: [0x00000230ece90000,0x00000230ed690000] _byte_map_base: 0x00000230e9681000

Marking Bits: (CMBitMap*) 0x00000230d47a8350
 Bits: [0x00000230ede90000, 0x00000230f1e18000)

Polling page: 0x00000230d25f0000

Metaspace:
Metaspace        used 10788K, committed 10944K, reserved 1114112K
 class space     used 1177K, committed 1280K, reserved 1048576K

Usage:
  Non-class:      9.39 MB used.
      Class:      1.15 MB used.
       Both:     10.54 MB used.

Virtual space:
  Non-class space:       64.00 MB reserved,       9.44 MB ( 15%) committed,  1 nodes.
      Class space:        1.00 GB reserved,       1.25 MB ( <1%) committed,  1 nodes.
             Both:        1.06 GB reserved,      10.69 MB ( <1%) committed. 

Chunk freelists:
   Non-Class:  6.25 MB
       Class:  14.66 MB
        Both:  20.91 MB

MaxMetaspaceSize: unlimited
CompressedClassSpaceSize: 1.00 GB
Initial GC threshold: 21.00 MB
Current GC threshold: 21.00 MB
CDS: on
 - commit_granule_bytes: 65536.
 - commit_granule_words: 8192.
 - virtual_space_node_default_size: 8388608.
 - enlarge_chunks_in_place: 1.
UseCompressedClassPointers 1, UseCompactObjectHeaders 0
Narrow klass pointer bits 32, Max shift 3
Narrow klass base: 0x0000000097000000, Narrow klass shift: 0
Encoding Range: [0x0000000097000000 - 0x0000000197000000), (4294967296 bytes)
Klass Range:    [0x0000000097000000 - 0x00000000d8000000), (1090519040 bytes)
Klass ID Range:  [8 - 1090519033) (1090519025)
Protection zone: [0x0000000097000000 - 0x0000000097010000), (65536 bytes)


Internal statistics:

num_allocs_failed_limit: 0.
num_arena_births: 74.
num_arena_deaths: 0.
num_vsnodes_births: 2.
num_vsnodes_deaths: 0.
num_space_committed: 171.
num_space_uncommitted: 0.
num_chunks_returned_to_freelist: 0.
num_chunks_taken_from_freelist: 252.
num_chunk_merges: 0.
num_chunk_splits: 155.
num_chunks_enlarged: 104.
num_inconsistent_stats: 0.

CodeHeap 'non-profiled nmethods': size=120064Kb used=455Kb max_used=455Kb free=119608Kb
 bounds [0x00000230e5150000, 0x00000230e53c0000, 0x00000230ec690000]
CodeHeap 'profiled nmethods': size=120064Kb used=1995Kb max_used=1995Kb free=118068Kb
 bounds [0x00000230dd670000, 0x00000230dd8e0000, 0x00000230e4bb0000]
CodeHeap 'non-nmethods': size=5760Kb used=1463Kb max_used=1478Kb free=4296Kb
 bounds [0x00000230e4bb0000, 0x00000230e4e20000, 0x00000230e5150000]
CodeCache: size=245888Kb, used=3913Kb, max_used=3928Kb, free=241972Kb
 total_blobs=2101, nmethods=1530, adapters=474, full_count=0
Compilation: enabled, stopped_count=0, restarted_count=0

Compilation events (20 events):
Event: 4.794 Thread 0x00000230f42ba5b0 1398       3       java.lang.invoke.InnerClassLambdaMetafactory::methodDesc (45 bytes)
Event: 4.796 Thread 0x00000230f42ba5b0 nmethod 1398 0x00000230dd824a08 code [0x00000230dd824b00, 0x00000230dd826788]
Event: 4.796 Thread 0x00000230f42ba5b0 1399       3       jdk.internal.classfile.impl.BufWriterImpl::writeBytes (30 bytes)
Event: 4.796 Thread 0x00000230f42ba5b0 nmethod 1399 0x00000230dd826808 code [0x00000230dd826900, 0x00000230dd826c58]
Event: 4.797 Thread 0x00000230f42ba5b0 1400       3       java.util.stream.ReferencePipeline$3$1::accept (20 bytes)
Event: 4.797 Thread 0x00000230f42ba5b0 nmethod 1400 0x00000230dd826c88 code [0x00000230dd826d80, 0x00000230dd827028]
Event: 4.797 Thread 0x00000230f42ba5b0 1402       3       java.util.LinkedList$ListItr::hasNext (20 bytes)
Event: 4.797 Thread 0x00000230f42ba5b0 nmethod 1402 0x00000230dd827088 code [0x00000230dd827180, 0x00000230dd8272d8]
Event: 4.797 Thread 0x00000230f42ba5b0 1401       3       java.util.HashMap::afterNodeAccess (1 bytes)
Event: 4.797 Thread 0x00000230f42ba5b0 nmethod 1401 0x00000230dd827388 code [0x00000230dd827480, 0x00000230dd827578]
Event: 4.799 Thread 0x00000230f42ba5b0 1403       3       java.nio.ByteOrder::nativeOrder (4 bytes)
Event: 4.799 Thread 0x00000230f42ba5b0 nmethod 1403 0x00000230dd827688 code [0x00000230dd827780, 0x00000230dd827860]
Event: 4.799 Thread 0x00000230f42ba5b0 1404       1       java.util.concurrent.locks.AbstractOwnableSynchronizer::setExclusiveOwnerThread (6 bytes)
Event: 4.799 Thread 0x00000230f42ba5b0 nmethod 1404 0x00000230e51ba288 code [0x00000230e51ba380, 0x00000230e51ba488]
Event: 4.799 Thread 0x00000230f42ba5b0 1405       3       java.lang.invoke.VarHandleGuards::guard_LIJ_V (135 bytes)
Event: 4.910 Thread 0x00000230f42ba5b0 nmethod 1405 0x00000230dd827988 code [0x00000230dd827a80, 0x00000230dd82a658]
Event: 4.910 Thread 0x00000230f42ba5b0 1406       3       java.lang.invoke.VarHandleByteArrayAsLongs$ArrayHandle::set (38 bytes)
Event: 4.910 Thread 0x00000230f42ba5b0 nmethod 1406 0x00000230dd82a688 code [0x00000230dd82a780, 0x00000230dd82abd0]
Event: 4.910 Thread 0x00000230f42ba5b0 1409       3       jdk.internal.ref.CleanerFactory::cleaner (4 bytes)
Event: 4.911 Thread 0x00000230f42ba5b0 nmethod 1409 0x00000230dd82ac08 code [0x00000230dd82ad00, 0x00000230dd82ade0]

GC Heap Usage History (10 events):
Event: 3.182 {heap Before GC invocations=0 (full 0):
 garbage-first heap   total reserved 4163584K, committed 10240K, used 5279K [0x0000000701e00000, 0x0000000800000000)
  region size 2M, 2 eden (4M), 0 survivor (0M), 1 old (2M), 0 humongous (0M), 2 free (4M)
}
Event: 3.185 {heap After GC invocations=1 (full 0):
 garbage-first heap   total reserved 4163584K, committed 10240K, used 2183K [0x0000000701e00000, 0x0000000800000000)
  region size 2M, 0 eden (0M), 1 survivor (2M), 1 old (2M), 0 humongous (0M), 3 free (6M)
}
Event: 3.233 {heap Before GC invocations=1 (full 0):
 garbage-first heap   total reserved 4163584K, committed 10240K, used 4231K [0x0000000701e00000, 0x0000000800000000)
  region size 2M, 1 eden (2M), 1 survivor (2M), 1 old (2M), 0 humongous (0M), 2 free (4M)
}
Event: 3.235 {heap After GC invocations=2 (full 0):
 garbage-first heap   total reserved 4163584K, committed 10240K, used 2775K [0x0000000701e00000, 0x0000000800000000)
  region size 2M, 0 eden (0M), 1 survivor (2M), 1 old (2M), 0 humongous (0M), 3 free (6M)
}
Event: 3.301 {heap Before GC invocations=2 (full 0):
 garbage-first heap   total reserved 4163584K, committed 10240K, used 4823K [0x0000000701e00000, 0x0000000800000000)
  region size 2M, 1 eden (2M), 1 survivor (2M), 1 old (2M), 0 humongous (0M), 2 free (4M)
}
Event: 3.303 {heap After GC invocations=3 (full 0):
 garbage-first heap   total reserved 4163584K, committed 10240K, used 2735K [0x0000000701e00000, 0x0000000800000000)
  region size 2M, 0 eden (0M), 1 survivor (2M), 2 old (4M), 0 humongous (0M), 2 free (4M)
}
Event: 3.379 {heap Before GC invocations=3 (full 0):
 garbage-first heap   total reserved 4163584K, committed 10240K, used 4783K [0x0000000701e00000, 0x0000000800000000)
  region size 2M, 1 eden (2M), 1 survivor (2M), 2 old (4M), 0 humongous (0M), 1 free (2M)
}
Event: 3.380 {heap After GC invocations=4 (full 0):
 garbage-first heap   total reserved 4163584K, committed 10240K, used 2936K [0x0000000701e00000, 0x0000000800000000)
  region size 2M, 0 eden (0M), 1 survivor (2M), 2 old (4M), 0 humongous (0M), 2 free (4M)
}
Event: 3.467 {heap Before GC invocations=4 (full 0):
 garbage-first heap   total reserved 4163584K, committed 10240K, used 2936K [0x0000000701e00000, 0x0000000800000000)
  region size 2M, 1 eden (2M), 1 survivor (2M), 2 old (4M), 0 humongous (0M), 1 free (2M)
}
Event: 3.468 {heap After GC invocations=5 (full 0):
 garbage-first heap   total reserved 4163584K, committed 28672K, used 2977K [0x0000000701e00000, 0x0000000800000000)
  region size 2M, 0 eden (0M), 1 survivor (2M), 2 old (4M), 0 humongous (0M), 11 free (22M)
}

Metaspace Usage History (10 events):
Event: 3.182 {metaspace Before GC invocations=0 (full 0):
 Metaspace       used 1441K, committed 1600K, reserved 1114112K
  class space    used 119K, committed 192K, reserved 1048576K
}
Event: 3.185 {metaspace After GC invocations=1 (full 0):
 Metaspace       used 1441K, committed 1600K, reserved 1114112K
  class space    used 119K, committed 192K, reserved 1048576K
}
Event: 3.233 {metaspace Before GC invocations=1 (full 0):
 Metaspace       used 1774K, committed 1920K, reserved 1114112K
  class space    used 145K, committed 192K, reserved 1048576K
}
Event: 3.235 {metaspace After GC invocations=2 (full 0):
 Metaspace       used 1774K, committed 1920K, reserved 1114112K
  class space    used 145K, committed 192K, reserved 1048576K
}
Event: 3.301 {metaspace Before GC invocations=2 (full 0):
 Metaspace       used 2236K, committed 2368K, reserved 1114112K
  class space    used 177K, committed 256K, reserved 1048576K
}
Event: 3.303 {metaspace After GC invocations=3 (full 0):
 Metaspace       used 2236K, committed 2368K, reserved 1114112K
  class space    used 177K, committed 256K, reserved 1048576K
}
Event: 3.379 {metaspace Before GC invocations=3 (full 0):
 Metaspace       used 3021K, committed 3136K, reserved 1114112K
  class space    used 257K, committed 320K, reserved 1048576K
}
Event: 3.380 {metaspace After GC invocations=4 (full 0):
 Metaspace       used 3021K, committed 3136K, reserved 1114112K
  class space    used 257K, committed 320K, reserved 1048576K
}
Event: 3.467 {metaspace Before GC invocations=4 (full 0):
 Metaspace       used 3986K, committed 4160K, reserved 1114112K
  class space    used 373K, committed 448K, reserved 1048576K
}
Event: 3.468 {metaspace After GC invocations=5 (full 0):
 Metaspace       used 3986K, committed 4160K, reserved 1114112K
  class space    used 373K, committed 448K, reserved 1048576K
}

Dll operation events (14 events):
Event: 0.009 Attempting to load shared library C:\Program Files\Apache NetBeans\jdk\bin\java.dll
Event: 0.010 Loaded shared library C:\Program Files\Apache NetBeans\jdk\bin\java.dll
Event: 0.086 Attempting to load shared library C:\Program Files\Apache NetBeans\jdk\bin\net.dll
Event: 0.086 Loaded shared library C:\Program Files\Apache NetBeans\jdk\bin\net.dll
Event: 0.088 Attempting to load shared library C:\Program Files\Apache NetBeans\jdk\bin\nio.dll
Event: 0.089 Loaded shared library C:\Program Files\Apache NetBeans\jdk\bin\nio.dll
Event: 0.105 Attempting to load shared library C:\Program Files\Apache NetBeans\jdk\bin\zip.dll
Event: 0.106 Loaded shared library C:\Program Files\Apache NetBeans\jdk\bin\zip.dll
Event: 0.121 Attempting to load shared library C:\Program Files\Apache NetBeans\jdk\bin\jimage.dll
Event: 0.121 Loaded shared library C:\Program Files\Apache NetBeans\jdk\bin\jimage.dll
Event: 3.408 Attempting to load shared library C:\Program Files\Apache NetBeans\jdk\bin\extnet.dll
Event: 3.408 Loaded shared library C:\Program Files\Apache NetBeans\jdk\bin\extnet.dll
Event: 4.145 Attempting to load shared library C:\Program Files\Apache NetBeans\jdk\bin\sunmscapi.dll
Event: 4.153 Loaded shared library C:\Program Files\Apache NetBeans\jdk\bin\sunmscapi.dll

Deoptimization events (20 events):
Event: 4.592 Thread 0x00000230d239dbe0 DEOPT PACKING pc=0x00000230dd7fc14e sp=0x000000a1fe1fd150
Event: 4.592 Thread 0x00000230d239dbe0 DEOPT UNPACKING pc=0x00000230e4c01a02 sp=0x000000a1fe1fc578 mode 0
Event: 4.593 Thread 0x00000230d239dbe0 DEOPT PACKING pc=0x00000230dd7fc14e sp=0x000000a1fe1fd150
Event: 4.593 Thread 0x00000230d239dbe0 DEOPT UNPACKING pc=0x00000230e4c01a02 sp=0x000000a1fe1fc578 mode 0
Event: 4.594 Thread 0x00000230d239dbe0 DEOPT PACKING pc=0x00000230dd7fc14e sp=0x000000a1fe1fd150
Event: 4.594 Thread 0x00000230d239dbe0 DEOPT UNPACKING pc=0x00000230e4c01a02 sp=0x000000a1fe1fc578 mode 0
Event: 4.595 Thread 0x00000230d239dbe0 DEOPT PACKING pc=0x00000230dd7fc14e sp=0x000000a1fe1fd150
Event: 4.595 Thread 0x00000230d239dbe0 DEOPT UNPACKING pc=0x00000230e4c01a02 sp=0x000000a1fe1fc578 mode 0
Event: 4.596 Thread 0x00000230d239dbe0 DEOPT PACKING pc=0x00000230dd7fc14e sp=0x000000a1fe1fd150
Event: 4.596 Thread 0x00000230d239dbe0 DEOPT UNPACKING pc=0x00000230e4c01a02 sp=0x000000a1fe1fc578 mode 0
Event: 4.615 Thread 0x00000230d239dbe0 DEOPT PACKING pc=0x00000230dd704643 sp=0x000000a1fe1fdc60
Event: 4.615 Thread 0x00000230d239dbe0 DEOPT UNPACKING pc=0x00000230e4c01a02 sp=0x000000a1fe1fd0e0 mode 0
Event: 4.645 Thread 0x00000230d239dbe0 Uncommon trap: trap_request=0xffffff45 fr.pc=0x00000230e517cc1c relative=0x000000000000011c
Event: 4.645 Thread 0x00000230d239dbe0 Uncommon trap: reason=unstable_if action=reinterpret pc=0x00000230e517cc1c method=java.math.BigInteger.addOne([IIII)I @ 55 c2
Event: 4.645 Thread 0x00000230d239dbe0 DEOPT PACKING pc=0x00000230e517cc1c sp=0x000000a1fe1fdc20
Event: 4.645 Thread 0x00000230d239dbe0 DEOPT UNPACKING pc=0x00000230e4cd0482 sp=0x000000a1fe1fdbc0 mode 2
Event: 4.646 Thread 0x00000230d239dbe0 Uncommon trap: trap_request=0xffffff5e fr.pc=0x00000230e51af798 relative=0x0000000000000218
Event: 4.646 Thread 0x00000230d239dbe0 Uncommon trap: reason=speculate_class_check action=maybe_recompile pc=0x00000230e51af798 method=sun.security.util.math.intpoly.IntegerPolynomial.multByInt([JJ)V @ 26 c2
Event: 4.646 Thread 0x00000230d239dbe0 DEOPT PACKING pc=0x00000230e51af798 sp=0x000000a1fe1fdf80
Event: 4.646 Thread 0x00000230d239dbe0 DEOPT UNPACKING pc=0x00000230e4cd0482 sp=0x000000a1fe1fde90 mode 2

Classes loaded (20 events):
Event: 4.790 Loading class sun/security/ssl/Finished$T13VerifyDataGenerator
Event: 4.790 Loading class sun/security/ssl/Finished$T13VerifyDataGenerator done
Event: 4.790 Loading class sun/security/ssl/Finished$1
Event: 4.790 Loading class sun/security/ssl/Finished$1 done
Event: 4.790 Loading class sun/security/ssl/SSLBasicKeyDerivation
Event: 4.790 Loading class sun/security/ssl/SSLBasicKeyDerivation done
Event: 4.795 Loading class sun/security/ssl/X509Authentication
Event: 4.796 Loading class sun/security/ssl/SSLAuthentication
Event: 4.796 Loading class sun/security/ssl/SSLAuthentication done
Event: 4.796 Loading class sun/security/ssl/X509Authentication done
Event: 4.797 Loading class com/sun/crypto/provider/GaloisCounterMode$GCMEncrypt
Event: 4.799 Loading class com/sun/crypto/provider/GaloisCounterMode$GCMEncrypt done
Event: 4.799 Loading class com/sun/crypto/provider/GaloisCounterMode$EncryptOp
Event: 4.799 Loading class com/sun/crypto/provider/GaloisCounterMode$EncryptOp done
Event: 4.799 Loading class sun/security/ssl/X509Authentication$X509Possession
Event: 4.799 Loading class sun/security/ssl/X509Authentication$X509Possession done
Event: 4.801 Loading class javax/net/ssl/SSLEngineResult$HandshakeStatus
Event: 4.803 Loading class javax/net/ssl/SSLEngineResult$HandshakeStatus done
Event: 4.803 Loading class jdk/internal/event/TLSHandshakeEvent
Event: 4.910 Loading class jdk/internal/event/TLSHandshakeEvent done

Classes unloaded (0 events):
No events

Classes redefined (0 events):
No events

Internal exceptions (20 events):
Event: 0.092 Thread 0x00000230d239dbe0 Exception <a 'sun/nio/fs/WindowsException'{0x00000007024fa798}> (0x00000007024fa798) 
thrown [s\src\hotspot\share\prims\jni.cpp, line 514]
Event: 0.092 Thread 0x00000230d239dbe0 Exception <a 'sun/nio/fs/WindowsException'{0x00000007024fb288}> (0x00000007024fb288) 
thrown [s\src\hotspot\share\prims\jni.cpp, line 514]
Event: 0.092 Thread 0x00000230d239dbe0 Exception <a 'sun/nio/fs/WindowsException'{0x00000007024fbd60}> (0x00000007024fbd60) 
thrown [s\src\hotspot\share\prims\jni.cpp, line 514]
Event: 3.090 Thread 0x00000230d239dbe0 Exception <a 'java/lang/NoSuchMethodError'{0x0000000702293618}: 'int java.lang.invoke.DirectMethodHandle$Holder.invokeStaticInit(java.lang.Object, java.lang.Object)'> (0x0000000702293618) 
thrown [s\src\hotspot\share\interpreter\linkResolver.cpp, line 804]
Event: 3.110 Thread 0x00000230d239dbe0 Exception <a 'java/lang/NoSuchMethodError'{0x000000070232b868}: 'java.lang.Object java.lang.invoke.DirectMethodHandle$Holder.invokeSpecialIFC(java.lang.Object, java.lang.Object, java.lang.Object, java.lang.Object)'> (0x000000070232b868) 
thrown [s\src\hotspot\share\interpreter\linkResolver.cpp, line 804]
Event: 3.119 Thread 0x00000230d239dbe0 Exception <a 'java/lang/NoSuchMethodError'{0x000000070235cb90}: 'java.lang.Object java.lang.invoke.DirectMethodHandle$Holder.invokeStaticInit(java.lang.Object)'> (0x000000070235cb90) 
thrown [s\src\hotspot\share\interpreter\linkResolver.cpp, line 804]
Event: 3.150 Thread 0x00000230d239dbe0 Exception <a 'java/lang/NoSuchMethodError'{0x000000070238e840}: 'void java.lang.invoke.DirectMethodHandle$Holder.invokeStatic(java.lang.Object, java.lang.Object)'> (0x000000070238e840) 
thrown [s\src\hotspot\share\interpreter\linkResolver.cpp, line 804]
Event: 3.202 Thread 0x00000230d239dbe0 Exception <a 'java/lang/NoSuchMethodError'{0x0000000702457a80}: 'java.lang.Object java.lang.invoke.DirectMethodHandle$Holder.invokeInterface(java.lang.Object, java.lang.Object)'> (0x0000000702457a80) 
thrown [s\src\hotspot\share\interpreter\linkResolver.cpp, line 804]
Event: 3.253 Thread 0x00000230d239dbe0 Exception <a 'java/lang/NoSuchMethodError'{0x000000070251fcb0}: 'void java.lang.invoke.DirectMethodHandle$Holder.invokeSpecial(java.lang.Object, java.lang.Object, java.lang.Object)'> (0x000000070251fcb0) 
thrown [s\src\hotspot\share\interpreter\linkResolver.cpp, line 804]
Event: 3.254 Thread 0x00000230d239dbe0 Exception <a 'java/lang/NoSuchMethodError'{0x000000070252faf0}: 'void java.lang.invoke.DirectMethodHandle$Holder.invokeStatic(java.lang.Object, java.lang.Object, java.lang.Object)'> (0x000000070252faf0) 
thrown [s\src\hotspot\share\interpreter\linkResolver.cpp, line 804]
Event: 3.257 Thread 0x00000230d239dbe0 Exception <a 'java/lang/NoSuchMethodError'{0x0000000702547b88}: 'java.lang.Object java.lang.invoke.DirectMethodHandle$Holder.invokeVirtual(java.lang.Object, java.lang.Object, java.lang.Object)'> (0x0000000702547b88) 
thrown [s\src\hotspot\share\interpreter\linkResolver.cpp, line 804]
Event: 3.575 Thread 0x00000230d239dbe0 Exception <a 'java/lang/NoSuchMethodError'{0x0000000703789c90}: 'void java.lang.invoke.DirectMethodHandle$Holder.invokeStaticInit(java.lang.Object, java.lang.Object)'> (0x0000000703789c90) 
thrown [s\src\hotspot\share\interpreter\linkResolver.cpp, line 804]
Event: 3.714 Thread 0x00000230d239dbe0 Exception <a 'sun/nio/fs/WindowsException'{0x00000007034ebb10}> (0x00000007034ebb10) 
thrown [s\src\hotspot\share\prims\jni.cpp, line 514]
Event: 3.886 Thread 0x00000230d239dbe0 Exception <a 'java/lang/NoSuchMethodError'{0x00000007035a09d8}: 'java.lang.Object java.lang.invoke.DirectMethodHandle$Holder.invokeStaticInit(java.lang.Object, int, int, int, int)'> (0x00000007035a09d8) 
thrown [s\src\hotspot\share\interpreter\linkResolver.cpp, line 804]
Event: 3.904 Thread 0x00000230d239dbe0 Exception <a 'java/lang/NoSuchMethodError'{0x0000000703245c90}: 'java.lang.Object java.lang.invoke.DirectMethodHandle$Holder.invokeStaticInit(java.lang.Object, java.lang.Object, int, int, int, int)'> (0x0000000703245c90) 
thrown [s\src\hotspot\share\interpreter\linkResolver.cpp, line 804]
Event: 4.245 Thread 0x00000230d239dbe0 Exception <a 'java/lang/NoSuchMethodError'{0x00000007032dec08}: 'java.lang.Object java.lang.invoke.DirectMethodHandle$Holder.invokeStaticInit(java.lang.Object, int)'> (0x00000007032dec08) 
thrown [s\src\hotspot\share\interpreter\linkResolver.cpp, line 804]
Event: 4.631 Thread 0x00000230d239dbe0 Exception <a 'java/lang/NoSuchMethodError'{0x00000007033afbd8}: 'java.lang.Object java.lang.invoke.Invokers$Holder.invoke_MT(java.lang.Object, java.lang.Object, java.lang.Object, java.lang.Object, java.lang.Object, java.lang.Object)'> (0x00000007033afbd8) 
thrown [s\src\hotspot\share\interpreter\linkResolver.cpp, line 804]
Event: 4.633 Thread 0x00000230d239dbe0 Exception <a 'java/lang/NoSuchMethodError'{0x00000007033b8d48}: 'java.lang.Object java.lang.invoke.DirectMethodHandle$Holder.invokeStatic(java.lang.Object, java.lang.Object, int)'> (0x00000007033b8d48) 
thrown [s\src\hotspot\share\interpreter\linkResolver.cpp, line 804]
Event: 4.637 Thread 0x00000230d239dbe0 Exception <a 'java/lang/NoSuchMethodError'{0x00000007033e3a10}: 'void java.lang.invoke.DelegatingMethodHandle$Holder.delegate(java.lang.Object, java.lang.Object, int, java.lang.Object)'> (0x00000007033e3a10) 
thrown [s\src\hotspot\share\interpreter\linkResolver.cpp, line 804]
Event: 4.649 Thread 0x00000230d239dbe0 Exception <a 'java/lang/NoSuchMethodError'{0x000000070300d810}: 'void java.lang.invoke.DirectMethodHandle$Holder.invokeVirtual(java.lang.Object, java.lang.Object)'> (0x000000070300d810) 
thrown [s\src\hotspot\share\interpreter\linkResolver.cpp, line 804]

VM Operations (20 events):
Event: 3.106 Executing non-safepoint VM operation: HandshakeAllThreads (Deoptimize)
Event: 3.106 Executing non-safepoint VM operation: HandshakeAllThreads (Deoptimize) done
Event: 3.168 Executing non-safepoint VM operation: HandshakeAllThreads (Deoptimize)
Event: 3.168 Executing non-safepoint VM operation: HandshakeAllThreads (Deoptimize) done
Event: 3.182 Executing safepoint VM operation: G1CollectForAllocation (G1 Evacuation Pause)
Event: 3.185 Executing safepoint VM operation: G1CollectForAllocation (G1 Evacuation Pause) done
Event: 3.233 Executing safepoint VM operation: G1CollectForAllocation (G1 Evacuation Pause)
Event: 3.235 Executing safepoint VM operation: G1CollectForAllocation (G1 Evacuation Pause) done
Event: 3.301 Executing safepoint VM operation: G1CollectForAllocation (G1 Evacuation Pause)
Event: 3.303 Executing safepoint VM operation: G1CollectForAllocation (G1 Evacuation Pause) done
Event: 3.379 Executing safepoint VM operation: G1CollectForAllocation (G1 Evacuation Pause)
Event: 3.380 Executing safepoint VM operation: G1CollectForAllocation (G1 Evacuation Pause) done
Event: 3.467 Executing safepoint VM operation: G1CollectForAllocation (G1 Evacuation Pause)
Event: 3.468 Executing safepoint VM operation: G1CollectForAllocation (G1 Evacuation Pause) done
Event: 3.650 Executing non-safepoint VM operation: HandshakeAllThreads (Deoptimize)
Event: 3.650 Executing non-safepoint VM operation: HandshakeAllThreads (Deoptimize) done
Event: 3.735 Executing non-safepoint VM operation: HandshakeAllThreads (Deoptimize)
Event: 3.735 Executing non-safepoint VM operation: HandshakeAllThreads (Deoptimize) done
Event: 4.635 Executing non-safepoint VM operation: HandshakeAllThreads (Deoptimize)
Event: 4.635 Executing non-safepoint VM operation: HandshakeAllThreads (Deoptimize) done

Memory protections (0 events):
No events

Nmethod flushes (0 events):
No events

Events (18 events):
Event: 0.030 Thread 0x00000230d239dbe0 Thread added: 0x00000230d239dbe0
Event: 0.035 Thread 0x00000230d239dbe0 JVMTI - enter early start phase
Event: 0.046 Thread 0x00000230d239dbe0 Thread added: 0x00000230d481dd60
Event: 0.046 Thread 0x00000230d239dbe0 Thread added: 0x00000230f4270ad0
Event: 0.046 Thread 0x00000230d239dbe0 Thread added: 0x00000230f4275210
Event: 0.046 Thread 0x00000230d239dbe0 Thread added: 0x00000230f4275ef0
Event: 0.046 Thread 0x00000230d239dbe0 Thread added: 0x00000230f4278be0
Event: 0.046 Thread 0x00000230d239dbe0 Thread added: 0x00000230f427c090
Event: 0.047 Thread 0x00000230d239dbe0 Thread added: 0x00000230f427d380
Event: 0.047 Thread 0x00000230d239dbe0 Thread added: 0x00000230f42ba5b0
Event: 0.085 Thread 0x00000230d239dbe0 Thread added: 0x00000230f434e020
Event: 0.101 Thread 0x00000230d239dbe0 JVMTI - enter start phase
Event: 0.102 Thread 0x00000230d239dbe0 JVMTI - enter live phase
Event: 0.102 Thread 0x00000230d239dbe0 Thread added: 0x00000230f4421c10
Event: 3.151 Thread 0x00000230d239dbe0 Thread added: 0x00000230f92623d0
Event: 3.225 Thread 0x00000230f42ba5b0 Thread added: 0x00000230f9026570
Event: 4.103 Thread 0x00000230f9026570 Thread exited: 0x00000230f9026570
Event: 4.566 Thread 0x00000230f42ba5b0 Thread added: 0x00000230f959fa00


Dynamic libraries:
0x00007ff6f3210000 - 0x00007ff6f321e000 	C:\Program Files\Apache NetBeans\jdk\bin\java.exe
0x00007ffa390e0000 - 0x00007ffa39347000 	C:\WINDOWS\SYSTEM32\ntdll.dll
0x00007ffa37fb0000 - 0x00007ffa3807b000 	C:\WINDOWS\System32\KERNEL32.DLL
0x00007ffa36500000 - 0x00007ffa36902000 	C:\WINDOWS\System32\KERNELBASE.dll
0x00007ffa36370000 - 0x00007ffa364bc000 	C:\WINDOWS\System32\ucrtbase.dll
0x00007ffa28a20000 - 0x00007ffa28a3e000 	C:\Program Files\Apache NetBeans\jdk\bin\VCRUNTIME140.dll
0x00007ffa28590000 - 0x00007ffa285a7000 	C:\Program Files\Apache NetBeans\jdk\bin\jli.dll
0x00007ffa377d0000 - 0x00007ffa3799f000 	C:\WINDOWS\System32\USER32.dll
0x00007ffa364d0000 - 0x00007ffa364f7000 	C:\WINDOWS\System32\win32u.dll
0x00007ffa376d0000 - 0x00007ffa376fb000 	C:\WINDOWS\System32\GDI32.dll
0x00007ffa27220000 - 0x00007ffa274b0000 	C:\WINDOWS\WinSxS\amd64_microsoft.windows.common-controls_6595b64144ccf1df_6.0.26100.9278_none_3e0d1ba8e3303201\COMCTL32.dll
0x00007ffa36a80000 - 0x00007ffa36ba9000 	C:\WINDOWS\System32\gdi32full.dll
0x00007ffa36910000 - 0x00007ffa369b3000 	C:\WINDOWS\System32\msvcp_win.dll
0x00007ffa37610000 - 0x00007ffa376b9000 	C:\WINDOWS\System32\msvcrt.dll
0x00007ffa37700000 - 0x00007ffa37731000 	C:\WINDOWS\System32\IMM32.DLL
0x00007ffa328d0000 - 0x00007ffa328dc000 	C:\Program Files\Apache NetBeans\jdk\bin\vcruntime140_1.dll
0x00007ffa283c0000 - 0x00007ffa2844d000 	C:\Program Files\Apache NetBeans\jdk\bin\msvcp140.dll
0x00007ff9bc700000 - 0x00007ff9bd69b000 	C:\Program Files\Apache NetBeans\jdk\bin\server\jvm.dll
0x00007ffa38080000 - 0x00007ffa3813c000 	C:\WINDOWS\System32\ADVAPI32.dll
0x00007ffa36e00000 - 0x00007ffa36ea9000 	C:\WINDOWS\System32\sechost.dll
0x00007ffa379b0000 - 0x00007ffa37ac8000 	C:\WINDOWS\System32\RPCRT4.dll
0x00007ffa372a0000 - 0x00007ffa37320000 	C:\WINDOWS\System32\WS2_32.dll
0x00007ffa28940000 - 0x00007ffa28976000 	C:\WINDOWS\SYSTEM32\WINMM.dll
0x00007ffa2f8c0000 - 0x00007ffa2f8cb000 	C:\WINDOWS\SYSTEM32\VERSION.dll
0x00007ffa36160000 - 0x00007ffa361be000 	C:\WINDOWS\SYSTEM32\POWRPROF.dll
0x00007ffa36140000 - 0x00007ffa36155000 	C:\WINDOWS\SYSTEM32\UMPDC.dll
0x00007ffa34fb0000 - 0x00007ffa34fcb000 	C:\WINDOWS\SYSTEM32\kernel.appcore.dll
0x00007ffa28a80000 - 0x00007ffa28a8a000 	C:\Program Files\Apache NetBeans\jdk\bin\jimage.dll
0x00007ffa277c0000 - 0x00007ffa27a0c000 	C:\WINDOWS\SYSTEM32\DBGHELP.DLL
0x00007ffa36f10000 - 0x00007ffa37295000 	C:\WINDOWS\System32\combase.dll
0x00007ffa37c60000 - 0x00007ffa37d39000 	C:\WINDOWS\System32\OLEAUT32.dll
0x00007ffa24220000 - 0x00007ffa2425b000 	C:\WINDOWS\SYSTEM32\dbgcore.DLL
0x00007ffa369c0000 - 0x00007ffa36a6c000 	C:\WINDOWS\System32\bcryptPrimitives.dll
0x00007ffa28630000 - 0x00007ffa2864e000 	C:\Program Files\Apache NetBeans\jdk\bin\java.dll
0x00007ffa37470000 - 0x00007ffa3760a000 	C:\WINDOWS\System32\ole32.dll
0x00007ffa38150000 - 0x00007ffa388e8000 	C:\WINDOWS\System32\SHELL32.dll
0x00007ffa33d80000 - 0x00007ffa3462e000 	C:\WINDOWS\SYSTEM32\windows.storage.dll
0x00007ffa37350000 - 0x00007ffa3744b000 	C:\WINDOWS\System32\SHCORE.dll
0x00007ffa388f0000 - 0x00007ffa38956000 	C:\WINDOWS\System32\shlwapi.dll
0x00007ffa36200000 - 0x00007ffa36229000 	C:\WINDOWS\SYSTEM32\profapi.dll
0x00007ffa28550000 - 0x00007ffa28561000 	C:\Program Files\Apache NetBeans\jdk\bin\net.dll
0x00007ffa35570000 - 0x00007ffa355dc000 	C:\WINDOWS\system32\mswsock.dll
0x00007ffa28530000 - 0x00007ffa28546000 	C:\Program Files\Apache NetBeans\jdk\bin\nio.dll
0x00007ffa28570000 - 0x00007ffa28586000 	C:\Program Files\Apache NetBeans\jdk\bin\zip.dll
0x00007ffa349c0000 - 0x00007ffa34b18000 	C:\WINDOWS\SYSTEM32\DNSAPI.dll
0x00007ffa35300000 - 0x00007ffa3530d000 	C:\WINDOWS\SYSTEM32\DSPARSE.dll
0x00007ffa34980000 - 0x00007ffa349b3000 	C:\WINDOWS\SYSTEM32\IPHLPAPI.DLL
0x00007ffa376c0000 - 0x00007ffa376ca000 	C:\WINDOWS\System32\NSI.dll
0x00007ffa2e260000 - 0x00007ffa2e26b000 	C:\Windows\System32\rasadhlp.dll
0x00007ffa2f480000 - 0x00007ffa2f506000 	C:\WINDOWS\System32\fwpuclnt.dll
0x00007ffa28510000 - 0x00007ffa28519000 	C:\Program Files\Apache NetBeans\jdk\bin\extnet.dll
0x00007ffa35860000 - 0x00007ffa3587b000 	C:\WINDOWS\SYSTEM32\CRYPTSP.dll
0x00007ffa34f10000 - 0x00007ffa34f49000 	C:\WINDOWS\system32\rsaenh.dll
0x00007ffa35620000 - 0x00007ffa35654000 	C:\WINDOWS\SYSTEM32\USERENV.dll
0x00007ffa361d0000 - 0x00007ffa361fa000 	C:\WINDOWS\SYSTEM32\bcrypt.dll
0x00007ffa35880000 - 0x00007ffa3588c000 	C:\WINDOWS\SYSTEM32\CRYPTBASE.dll
0x00007ffa28310000 - 0x00007ffa2831e000 	C:\Program Files\Apache NetBeans\jdk\bin\sunmscapi.dll
0x00007ffa36bb0000 - 0x00007ffa36d2e000 	C:\WINDOWS\System32\CRYPT32.dll
0x00007ffa35aa0000 - 0x00007ffa35ad0000 	C:\WINDOWS\SYSTEM32\ncrypt.dll
0x00007ffa35a50000 - 0x00007ffa35a8f000 	C:\WINDOWS\SYSTEM32\NTASN1.dll

JVMTI agents: none

dbghelp: loaded successfully - version: 4.0.5 - missing functions: none
symbol engine: initialized successfully - sym options: 0x614 - pdb path: .;C:\Program Files\Apache NetBeans\jdk\bin;C:\WINDOWS\SYSTEM32;C:\WINDOWS\WinSxS\amd64_microsoft.windows.common-controls_6595b64144ccf1df_6.0.26100.9278_none_3e0d1ba8e3303201;C:\Program Files\Apache NetBeans\jdk\bin\server

VM Arguments:
jvm_args: -Dfile.encoding=UTF-8 --module-path=C:\Users\2DAM\Documents\NetBeansProjects\Proyecto01_InigoHugo\build\classes 
java_command: app.Main
java_class_path (initial): C:\Users\2DAM\Downloads\dotenv-java-3.2.0.jar;C:\Users\2DAM\Downloads\mysql-connector-j-26.7.0.jar;C:\Users\2DAM\Documents\NetBeansProjects\Proyecto01_InigoHugo\build\classes
Launcher Type: SUN_STANDARD

[Global flags]
     bool AOTAdapterCaching                        = false                                  {diagnostic} {ergonomic}
     bool AOTInvokeDynamicLinking                  = false                                  {diagnostic} {ergonomic}
     bool AOTRecordTraining                        = false                                  {diagnostic} {ergonomic}
     bool AOTReplayTraining                        = false                                  {diagnostic} {ergonomic}
     bool AOTStubCaching                           = false                                  {diagnostic} {ergonomic}
     intx CICompilerCount                          = 3                                         {product} {ergonomic}
     uint ConcGCThreads                            = 1                                         {product} {ergonomic}
     uint G1ConcRefinementThreads                  = 4                                         {product} {ergonomic}
     uint G1EagerReclaimRemSetThreshold            = 16                                   {experimental} {ergonomic}
   size_t G1HeapRegionSize                         = 2097152                                   {product} {ergonomic}
     uint G1RemSetArrayOfCardsEntries              = 16                                   {experimental} {ergonomic}
     uint G1RemSetHowlMaxNumBuckets                = 8                                    {experimental} {ergonomic}
     uint G1RemSetHowlNumBuckets                   = 8                                    {experimental} {ergonomic}
   size_t InitialHeapSize                          = 8388608                                   {product} {ergonomic}
     bool IntelJccErratumMitigation                = true                              {ARCH diagnostic} {ergonomic}
   size_t MarkStackSize                            = 4194304                                   {product} {ergonomic}
   size_t MarkStackSizeMax                         = 536870912                                 {product} {ergonomic}
   size_t MaxHeapSize                              = 4263510016                                {product} {ergonomic}
   size_t MaxNewSize                               = 2556428288                                {product} {ergonomic}
 uint64_t MaxRAM                                   = 17053216768                               {product} {ergonomic}
   size_t MinHeapDeltaBytes                        = 2097152                                   {product} {ergonomic}
   size_t MinHeapSize                              = 8388608                                   {product} {ergonomic}
   size_t NonNMethodCodeHeapSize                   = 5898240                                {pd product} {ergonomic}
   size_t NonProfiledCodeHeapSize                  = 122945536                              {pd product} {ergonomic}
   size_t ProfiledCodeHeapSize                     = 122945536                              {pd product} {ergonomic}
   size_t ReservedCodeCacheSize                    = 251789312                              {pd product} {ergonomic}
     bool SegmentedCodeCache                       = true                                      {product} {ergonomic}
   size_t SoftMaxHeapSize                          = 4263510016                             {manageable} {ergonomic}
     bool UseCompressedOops                        = true                           {product lp64_product} {ergonomic}
     bool UseCondCardMark                          = true                                      {product} {ergonomic}
     bool UseFastUnorderedTimeStamps               = true                                 {experimental} {ergonomic}
     bool UseG1GC                                  = true                                      {product} {ergonomic}
     bool UseLargePagesIndividualAllocation        = false                                  {pd product} {ergonomic}
      int X86ICacheSync                            = 2                                 {ARCH diagnostic} {ergonomic}

Logging:
Log output configuration:
 #0: stdout all=warning uptime,level,tags foldmultilines=false
 #1: stderr all=off uptime,level,tags foldmultilines=false

Release file:
IMPLEMENTOR="Eclipse Adoptium" 
IMPLEMENTOR_VERSION="Temurin-26.0.2+10" 
JAVA_RUNTIME_VERSION="26.0.2+10" 
JAVA_VERSION="26.0.2" 
JAVA_VERSION_DATE="2026-07-21" 
LIBC="default" 
MODULES="java.base java.compiler java.datatransfer java.xml java.prefs java.desktop java.instrument java.logging java.management java.security.sasl java.naming java.rmi java.management.rmi java.net.http java.scripting java.security.jgss java.transaction.xa java.sql java.sql.rowset java.xml.crypto java.se java.smartcardio jdk.accessibility jdk.internal.jvmstat jdk.attach jdk.charsets jdk.internal.opt jdk.zipfs jdk.compiler jdk.crypto.cryptoki jdk.crypto.ec jdk.crypto.mscapi jdk.dynalink jdk.internal.ed jdk.editpad jdk.internal.vm.ci jdk.graal.compiler jdk.graal.compiler.management jdk.hotspot.agent jdk.httpserver jdk.incubator.vector jdk.internal.le jdk.internal.md jdk.jartool jdk.javadoc jdk.jcmd jdk.management jdk.management.agent jdk.jconsole jdk.jdeps jdk.jdwp.agent jdk.jdi jdk.jfr jdk.jlink jdk.jpackage jdk.jshell jdk.jstatd jdk.localedata jdk.management.jfr jdk.naming.dns jdk.naming.rmi jdk.net jdk.nio.mapmode jdk.sctp jdk.security.auth jdk.security.jgss jdk.unsupported jdk.unsupported.desktop jdk.xml.dom" 
OS_ARCH="x86_64" 
OS_NAME="Windows" 
SOURCE=".:git:8ef08853c5a2" 
BUILD_SOURCE="git:e6ba7dec3d07654074559310376a3ae89da5f4ac"
BUILD_SOURCE_REPO="https://github.com/adoptium/temurin-build.git"
SOURCE_REPO="https://github.com/adoptium/jdk26u.git"
FULL_VERSION="26.0.2+10"
SEMANTIC_VERSION="26.0.2+10"
BUILD_INFO="OS: Windows Server 2022 Version: 10.0"
JVM_VARIANT="Hotspot"
JVM_VERSION="26.0.2+10"
IMAGE_TYPE="JDK"

Environment Variables:
PATH=C:\Program Files\Common Files\Oracle\Java\javapath;C:\Program Files (x86)\VMware\VMware Workstation\bin\;C:\WINDOWS\system32;C:\WINDOWS;C:\WINDOWS\System32\Wbem;C:\WINDOWS\System32\WindowsPowerShell\v1.0\;C:\WINDOWS\System32\OpenSSH\;C:\Program Files\Git\cmd;C:\Users\2DAM\AppData\Local\Microsoft\WindowsApps;C:\Users\2DAM\AppData\Local\Programs\Microsoft VS Code\bin;C:\Program Files\Apache NetBeans\bin\
USERNAME=2DAM
OS=Windows_NT
PROCESSOR_IDENTIFIER=Intel64 Family 6 Model 158 Stepping 9, GenuineIntel
TMP=C:\Users\2DAM\AppData\Local\Temp
TEMP=C:\Users\2DAM\AppData\Local\Temp




Compilation memory statistics disabled.

Periodic native trim disabled

---------------  S Y S T E M  ---------------

OS:
 Windows 11 , 64 bit Build 26100 (10.0.26100.9444)
OS uptime: 0 days 5:07 hours

CPU: total 4 (initial active 4) (4 cores per cpu, 1 threads per core) family 6 model 158 stepping 9 microcode 0xde, cx8, cmov, fxsr, mmx, 3dnowpref, sse, sse2, sse3, ssse3, sse4.1, sse4.2, popcnt, lzcnt, tsc, tscinvbit, avx, avx2, aes, erms, clmul, bmi1, bmi2, adx, fma, vzeroupper, clflush, clflushopt, rdtscp, f16c
Processor Information for the first 4 processors :
  Max Mhz: 3000, Current Mhz: 3000, Mhz Limit: 3000

Memory: 4k page, system-wide physical 16263M (1935M free)
TotalPageFile size 20359M (AvailPageFile size 15M)
current process WorkingSet (physical memory assigned to process): 94M, peak: 94M
current process commit charge ("private bytes"): 131M, peak: 150M

vm_info: OpenJDK 64-Bit Server VM (26.0.2+10) for windows-amd64 JRE (26.0.2+10), built on 2026-07-21T00:00:00Z with MS VC++ 17.12 (VS2022)

END.
